\BOOKMARK [1][-]{section*.1}{\376\377\000A\000b\000s\000t\000r\000a\000c\000t}{}% 1
\BOOKMARK [1][-]{section.1}{\376\377\0001\000\040\000I\000n\000t\000r\000o\000d\000u\000c\000t\000i\000o\000n\000\040\000\046\000\040\000I\000n\000d\000u\000s\000t\000r\000i\000a\000l\000\040\000A\000T\000M\000\040\000P\000r\000o\000b\000l\000e\000m\000\040\000S\000t\000a\000t\000e\000m\000e\000n\000t}{}% 2
\BOOKMARK [2][-]{subsection.1.1}{\376\377\0001\000.\0001\000\040\000T\000h\000e\000\040\000P\000r\000e\000-\000D\000e\000p\000l\000o\000y\000m\000e\000n\000t\000\040\000V\000e\000r\000i\000f\000i\000c\000a\000t\000i\000o\000n\000\040\000G\000a\000p\000\040\000i\000n\000\040\000A\000T\000M\000\040\000S\000y\000s\000t\000e\000m\000s}{section.1}% 3
\BOOKMARK [2][-]{subsection.1.2}{\376\377\0001\000.\0002\000\040\000T\000h\000e\000\040\000S\000a\000a\000G\000\040\000A\000p\000p\000r\000o\000a\000c\000h\000\040\000\046\000\040\000C\000o\000n\000t\000r\000i\000b\000u\000t\000i\000o\000n\000s}{section.1}% 4
\BOOKMARK [1][-]{section.2}{\376\377\0002\000\040\000S\000y\000s\000t\000e\000m\000\040\000O\000v\000e\000r\000v\000i\000e\000w\000\040\000\046\000\040\000A\000T\000M\000\040\000D\000i\000g\000i\000t\000a\000l\000\040\000T\000w\000i\000n\000\040\000G\000r\000a\000p\000h\000\040\000M\000o\000d\000e\000l}{}% 5
\BOOKMARK [2][-]{subsection.2.1}{\376\377\0002\000.\0001\000\040\000S\000t\000a\000t\000i\000c\000\040\000S\000c\000o\000p\000i\000n\000g\000\040\000\046\000\040\000S\000y\000s\000t\000e\000m\000\040\000C\000a\000p\000a\000b\000i\000l\000i\000t\000i\000e\000s}{section.2}% 6
\BOOKMARK [2][-]{subsection.2.2}{\376\377\0002\000.\0002\000\040\000M\000o\000d\000e\000l\000\040\000S\000e\000t\000u\000p\000\040\000D\000a\000t\000a\000\040\000G\000e\000n\000e\000r\000a\000t\000i\000o\000n\000\040\000\050\000S\000a\000a\000G\000-\000M\000S\000D\000\051}{section.2}% 7
\BOOKMARK [2][-]{subsection.2.3}{\376\377\0002\000.\0003\000\040\000C\000o\000r\000e\000\040\000S\000y\000s\000t\000e\000m\000\040\000M\000o\000d\000e\000l\000\040\000F\000o\000r\000m\000a\000l\000\040\000G\000r\000a\000p\000h\000\040\000D\000e\000f\000i\000n\000i\000t\000i\000o\000n\000\040\000\050\000S\000a\000a\000G\000-\000C\000S\000M\000\051}{section.2}% 8
\BOOKMARK [2][-]{subsection.2.4}{\376\377\0002\000.\0004\000\040\000I\000n\000t\000r\000i\000n\000s\000i\000c\000\040\000P\000u\000b\000/\000S\000u\000b\000\040\000Q\000o\000S\000\040\000\046\000\040\000U\000p\000w\000a\000r\000d\000\040\000W\000e\000i\000g\000h\000t\000\040\000P\000r\000o\000p\000a\000g\000a\000t\000i\000o\000n}{section.2}% 9
\BOOKMARK [2][-]{subsection.2.5}{\376\377\0002\000.\0005\000\040\000M\000u\000l\000t\000i\000-\000S\000e\000s\000s\000i\000o\000n\000\040\000P\000r\000o\000c\000e\000s\000s\000-\000I\000s\000o\000l\000a\000t\000e\000d\000\040\000C\000a\000n\000d\000i\000d\000a\000t\000e\000\040\000M\000o\000d\000e\000l\000i\000n\000g}{section.2}% 10
\BOOKMARK [1][-]{section.3}{\376\377\0003\000\040\000V\000e\000r\000i\000f\000i\000c\000a\000t\000i\000o\000n\000\040\000E\000n\000g\000i\000n\000e\000\040\000\046\000\040\000I\000n\000d\000u\000s\000t\000r\000i\000a\000l\000\040\000G\000a\000p\000\040\000A\000n\000a\000l\000y\000s\000i\000s}{}% 11
\BOOKMARK [2][-]{subsection.3.1}{\376\377\0003\000.\0001\000\040\000I\000m\000p\000l\000e\000m\000e\000n\000t\000e\000d\000\040\000R\000u\000l\000e\000\040\000A\000u\000d\000i\000t\000s}{section.3}% 12
\BOOKMARK [2][-]{subsection.3.2}{\376\377\0003\000.\0002\000\040\000F\000i\000e\000l\000d\000\040\000T\000e\000l\000e\000m\000e\000t\000r\000y\000\040\000O\000v\000e\000r\000l\000a\000y\000\040\000\046\000\040\000S\000y\000n\000t\000h\000e\000t\000i\000c\000\040\000C\000a\000s\000c\000a\000d\000e\000\040\000S\000i\000m\000u\000l\000a\000t\000i\000o\000n}{section.3}% 13
\BOOKMARK [2][-]{subsection.3.3}{\376\377\0003\000.\0003\000\040\000S\000p\000e\000c\000i\000f\000i\000e\000d\000\040\000v\000s\000.\000\040\000I\000m\000p\000l\000e\000m\000e\000n\000t\000e\000d\000\040\000G\000a\000p\000\040\000A\000n\000a\000l\000y\000s\000i\000s}{section.3}% 14
\BOOKMARK [1][-]{section.4}{\376\377\0004\000\040\000C\000I\000/\000C\000D\000\040\000P\000i\000p\000e\000l\000i\000n\000e\000\040\000I\000n\000t\000e\000g\000r\000a\000t\000i\000o\000n\000\040\000\046\000\040\000A\000u\000t\000o\000m\000a\000t\000e\000d\000\040\000G\000a\000t\000i\000n\000g}{}% 15
\BOOKMARK [2][-]{subsection.4.1}{\376\377\0004\000.\0001\000\040\000I\000m\000p\000l\000e\000m\000e\000n\000t\000e\000d\000\040\000S\000e\000v\000e\000r\000i\000t\000y\000\040\000E\000x\000i\000t\000-\000C\000o\000d\000e\000\040\000G\000a\000t\000e\000\040\000\046\000\040\000L\000i\000m\000i\000t\000a\000t\000i\000o\000n\000s}{section.4}% 16
\BOOKMARK [2][-]{subsection.4.2}{\376\377\0004\000.\0002\000\040\000S\000p\000e\000c\000i\000f\000i\000e\000d\000\040\000S\000c\000o\000r\000e\000d\000\040\000I\000n\000s\000t\000a\000l\000l\000a\000t\000i\000o\000n\000\040\000S\000u\000i\000t\000a\000b\000i\000l\000i\000t\000y\000\040\000M\000o\000d\000e\000l}{section.4}% 17
\BOOKMARK [2][-]{subsection.4.3}{\376\377\0004\000.\0003\000\040\000A\000c\000t\000i\000o\000n\000a\000b\000l\000e\000\040\000F\000i\000n\000d\000i\000n\000g\000s\000\040\000\046\000\040\000E\000v\000i\000d\000e\000n\000c\000e\000-\000B\000e\000a\000r\000i\000n\000g\000\040\000R\000e\000p\000o\000r\000t\000s}{section.4}% 18
\BOOKMARK [1][-]{section.5}{\376\377\0005\000\040\000I\000n\000d\000u\000s\000t\000r\000i\000a\000l\000\040\000A\000T\000M\000\040\000E\000v\000a\000l\000u\000a\000t\000i\000o\000n\000\040\000\046\000\040\000M\000u\000l\000t\000i\000-\000S\000c\000a\000l\000e\000\040\000P\000e\000r\000f\000o\000r\000m\000a\000n\000c\000e}{}% 19
\BOOKMARK [2][-]{subsection.5.1}{\376\377\0005\000.\0001\000\040\000E\000x\000p\000e\000r\000i\000m\000e\000n\000t\000a\000l\000\040\000S\000e\000t\000u\000p\000\040\000A\000c\000r\000o\000s\000s\000\040\0005\000\040\000A\000T\000M\000\040\000S\000c\000a\000l\000e\000\040\000P\000r\000o\000f\000i\000l\000e\000s}{section.5}% 20
\BOOKMARK [2][-]{subsection.5.2}{\376\377\0005\000.\0002\000\040\000V\000e\000r\000i\000f\000i\000c\000a\000t\000i\000o\000n\000\040\000C\000o\000s\000t\000\040\000\046\000\040\000C\000I\000/\000C\000D\000\040\000O\000v\000e\000r\000h\000e\000a\000d}{section.5}% 21
\BOOKMARK [2][-]{subsection.5.3}{\376\377\0005\000.\0003\000\040\000P\000l\000a\000n\000n\000e\000d\000\040\000E\000v\000a\000l\000u\000a\000t\000i\000o\000n\000:\000\040\000D\000e\000f\000e\000c\000t\000\040\000D\000e\000t\000e\000c\000t\000i\000o\000n\000\040\000E\000f\000f\000e\000c\000t\000i\000v\000e\000n\000e\000s\000s\000\040\000i\000n\000\040\000I\000n\000d\000u\000s\000t\000r\000i\000a\000l\000\040\000P\000i\000p\000e\000l\000i\000n\000e\000s}{section.5}% 22
\BOOKMARK [2][-]{subsection.5.4}{\376\377\0005\000.\0004\000\040\000P\000l\000a\000n\000n\000e\000d\000\040\000E\000v\000a\000l\000u\000a\000t\000i\000o\000n\000:\000\040\000D\000e\000t\000e\000c\000t\000o\000r\000\040\000C\000a\000t\000a\000l\000o\000g\000\040\000v\000s\000.\000\040\000C\000a\000s\000c\000a\000d\000e\000\040\000P\000r\000o\000p\000a\000g\000a\000t\000i\000o\000n\000\040\000O\000r\000a\000c\000l\000e}{section.5}% 23
\BOOKMARK [2][-]{subsection.5.5}{\376\377\0005\000.\0005\000\040\000P\000l\000a\000n\000n\000e\000d\000\040\000E\000v\000a\000l\000u\000a\000t\000i\000o\000n\000:\000\040\000C\000r\000i\000t\000i\000c\000a\000l\000i\000t\000y\000\040\000R\000a\000n\000k\000i\000n\000g\000\040\000M\000o\000d\000e\000l\000\040\000C\000o\000m\000p\000a\000r\000i\000s\000o\000n}{section.5}% 24
\BOOKMARK [2][-]{subsection.5.6}{\376\377\0005\000.\0006\000\040\000O\000p\000e\000r\000a\000t\000i\000o\000n\000a\000l\000\040\000I\000m\000p\000a\000c\000t\000\040\000\046\000\040\000T\000h\000r\000e\000a\000t\000s\000\040\000t\000o\000\040\000V\000a\000l\000i\000d\000i\000t\000y}{section.5}% 25
\BOOKMARK [1][-]{section.6}{\376\377\0006\000\040\000R\000e\000l\000a\000t\000e\000d\000\040\000W\000o\000r\000k}{}% 26
\BOOKMARK [1][-]{section.7}{\376\377\0007\000\040\000C\000o\000n\000c\000l\000u\000s\000i\000o\000n\000\040\000\046\000\040\000F\000u\000t\000u\000r\000e\000\040\000W\000o\000r\000k}{}% 27
\BOOKMARK [1][-]{section*.11}{\376\377\000R\000e\000f\000e\000r\000e\000n\000c\000e\000s}{}% 28
